// Jest Snapshot v1, https://goo.gl/fbAQLP

exports[`Indecision Component should match with snapshot 1`] = `
<!--v-if-->
<div class="bg-dark"></div>
<div class="indecision-container"><input type="text" placeholder="Ask me something">
  <p>Remember using the question mark (?)</p>
  <!--v-if-->
</div>
`;
